Starting a Gradle Daemon, 9 busy and 10 stopped Daemons could not be reused, use --status for details
> Task :app:preBuild UP-TO-DATE
> Task :app:preDebugBuild UP-TO-DATE
> Task :core-audit:preBuild UP-TO-DATE
> Task :core-audit:preDebugBuild UP-TO-DATE
> Task :core-budget:preBuild UP-TO-DATE
> Task :core-budget:preDebugBuild UP-TO-DATE
> Task :core-classifier:preBuild UP-TO-DATE
> Task :core-classifier:preDebugBuild UP-TO-DATE
> Task :core-debt:preBuild UP-TO-DATE
> Task :core-debt:preDebugBuild UP-TO-DATE
> Task :core-ingestion:preBuild UP-TO-DATE
> Task :core-ingestion:preDebugBuild UP-TO-DATE
> Task :core-investment:preBuild UP-TO-DATE
> Task :core-investment:preDebugBuild UP-TO-DATE
> Task :core-audit:writeDebugAarMetadata
> Task :core-classifier:writeDebugAarMetadata
> Task :core-ingestion:writeDebugAarMetadata
> Task :core-budget:writeDebugAarMetadata
> Task :core-debt:writeDebugAarMetadata
> Task :core-ledger:preBuild UP-TO-DATE
> Task :core-investment:writeDebugAarMetadata
> Task :core-ledger:preDebugBuild UP-TO-DATE
> Task :core-llm:preBuild UP-TO-DATE
> Task :core-llm:preDebugBuild UP-TO-DATE
> Task :core-ledger:writeDebugAarMetadata
> Task :core-obligations:preBuild UP-TO-DATE
> Task :core-obligations:preDebugBuild UP-TO-DATE
> Task :core-llm:writeDebugAarMetadata
> Task :core-parsing:preBuild UP-TO-DATE
> Task :core-parsing:preDebugBuild UP-TO-DATE
> Task :core-obligations:writeDebugAarMetadata
> Task :core-transfer:preBuild UP-TO-DATE
> Task :core-parsing:writeDebugAarMetadata
> Task :core-transfer:preDebugBuild UP-TO-DATE
> Task :core-ui:preBuild UP-TO-DATE
> Task :core-ui:preDebugBuild UP-TO-DATE
> Task :core-transfer:writeDebugAarMetadata
> Task :feature-budgets:preBuild UP-TO-DATE
> Task :feature-budgets:preDebugBuild UP-TO-DATE
> Task :core-ui:writeDebugAarMetadata
> Task :feature-dashboard:preBuild UP-TO-DATE
> Task :feature-dashboard:preDebugBuild UP-TO-DATE
> Task :feature-budgets:writeDebugAarMetadata
> Task :feature-debt:preBuild UP-TO-DATE
> Task :feature-debt:preDebugBuild UP-TO-DATE
> Task :feature-dashboard:writeDebugAarMetadata
> Task :feature-kanban:preBuild UP-TO-DATE
> Task :feature-debt:writeDebugAarMetadata
> Task :feature-kanban:preDebugBuild UP-TO-DATE
> Task :feature-kanban:writeDebugAarMetadata
> Task :feature-settings:preBuild UP-TO-DATE
> Task :feature-settings:preDebugBuild UP-TO-DATE
> Task :feature-wallet:preBuild UP-TO-DATE
> Task :feature-wallet:preDebugBuild UP-TO-DATE
> Task :feature-settings:writeDebugAarMetadata
> Task :feature-wallet:writeDebugAarMetadata
> Task :app:generateDebugResValues
> Task :core-audit:generateDebugResValues
> Task :core-audit:generateDebugResources
> Task :app:checkDebugAarMetadata
> Task :core-audit:packageDebugResources
> Task :core-budget:generateDebugResValues
> Task :core-budget:generateDebugResources
> Task :core-budget:packageDebugResources
> Task :core-classifier:generateDebugResValues
> Task :core-classifier:generateDebugResources
> Task :core-classifier:packageDebugResources
> Task :core-debt:generateDebugResValues
> Task :core-debt:generateDebugResources
> Task :core-debt:packageDebugResources
> Task :core-ingestion:generateDebugResValues
> Task :core-ingestion:generateDebugResources
> Task :core-ingestion:packageDebugResources
> Task :core-investment:generateDebugResValues
> Task :core-investment:generateDebugResources
> Task :core-investment:packageDebugResources
> Task :core-ledger:generateDebugResValues
> Task :core-ledger:generateDebugResources
> Task :core-ledger:packageDebugResources
> Task :core-llm:generateDebugResValues
> Task :core-llm:generateDebugResources
> Task :core-llm:packageDebugResources
> Task :core-obligations:generateDebugResValues
> Task :core-obligations:generateDebugResources
> Task :core-obligations:packageDebugResources
> Task :core-parsing:generateDebugResValues
> Task :core-parsing:generateDebugResources
> Task :core-parsing:packageDebugResources
> Task :core-transfer:generateDebugResValues
> Task :core-transfer:generateDebugResources
> Task :core-transfer:packageDebugResources
> Task :core-ui:generateDebugResValues
> Task :core-ui:generateDebugResources
> Task :core-ui:packageDebugResources
> Task :feature-budgets:generateDebugResValues
> Task :feature-budgets:generateDebugResources
> Task :feature-budgets:packageDebugResources
> Task :feature-dashboard:generateDebugResValues
> Task :feature-dashboard:generateDebugResources
> Task :feature-dashboard:packageDebugResources
> Task :feature-debt:generateDebugResValues
> Task :feature-debt:generateDebugResources
> Task :feature-debt:packageDebugResources
> Task :feature-kanban:generateDebugResValues
> Task :feature-kanban:generateDebugResources
> Task :feature-kanban:packageDebugResources
> Task :feature-settings:generateDebugResValues
> Task :feature-settings:generateDebugResources
> Task :feature-settings:packageDebugResources
> Task :feature-wallet:generateDebugResValues
> Task :feature-wallet:generateDebugResources
> Task :feature-wallet:packageDebugResources
> Task :app:mapDebugSourceSetPaths
> Task :app:generateDebugResources
> Task :app:packageDebugResources
> Task :app:createDebugCompatibleScreenManifests
> Task :app:extractDeepLinksDebug
> Task :core-audit:extractDeepLinksDebug
> Task :core-budget:extractDeepLinksDebug
> Task :core-classifier:extractDeepLinksDebug
> Task :core-debt:extractDeepLinksDebug
> Task :app:parseDebugLocalResources
> Task :core-ingestion:extractDeepLinksDebug
> Task :core-investment:extractDeepLinksDebug
> Task :core-ledger:extractDeepLinksDebug
> Task :core-llm:extractDeepLinksDebug
> Task :core-audit:processDebugManifest
> Task :core-ledger:processDebugManifest
> Task :core-investment:processDebugManifest
> Task :core-budget:processDebugManifest
> Task :core-classifier:processDebugManifest
> Task :core-debt:processDebugManifest
> Task :core-ingestion:processDebugManifest
> Task :core-obligations:extractDeepLinksDebug
> Task :core-llm:processDebugManifest
> Task :core-parsing:extractDeepLinksDebug
> Task :core-obligations:processDebugManifest
> Task :core-transfer:extractDeepLinksDebug
> Task :core-parsing:processDebugManifest
> Task :app:mergeDebugResources
> Task :core-transfer:processDebugManifest
> Task :core-ui:extractDeepLinksDebug
> Task :feature-budgets:extractDeepLinksDebug

> Task :core-ui:processDebugManifest
package="com.najmi.sciuro.core.ui" found in source AndroidManifest.xml: C:\Users\NAIM\AndroidStudioProjects\Sciuro\core-ui\src\main\AndroidManifest.xml.
Setting the namespace via the package attribute in the source AndroidManifest.xml is no longer supported, and the value is ignored.
Recommendation: remove package="com.najmi.sciuro.core.ui" from the source AndroidManifest.xml: C:\Users\NAIM\AndroidStudioProjects\Sciuro\core-ui\src\main\AndroidManifest.xml.

> Task :feature-dashboard:extractDeepLinksDebug
> Task :feature-budgets:processDebugManifest
> Task :feature-debt:extractDeepLinksDebug
> Task :feature-dashboard:processDebugManifest
> Task :feature-kanban:extractDeepLinksDebug
> Task :feature-debt:processDebugManifest
> Task :feature-settings:extractDeepLinksDebug
> Task :feature-kanban:processDebugManifest
> Task :feature-wallet:extractDeepLinksDebug

> Task :feature-settings:processDebugManifest
package="com.sciuro.feature.settings" found in source AndroidManifest.xml: C:\Users\NAIM\AndroidStudioProjects\Sciuro\feature-settings\src\androidMain\AndroidManifest.xml.
Setting the namespace via the package attribute in the source AndroidManifest.xml is no longer supported, and the value is ignored.
Recommendation: remove package="com.sciuro.feature.settings" from the source AndroidManifest.xml: C:\Users\NAIM\AndroidStudioProjects\Sciuro\feature-settings\src\androidMain\AndroidManifest.xml.

> Task :feature-wallet:processDebugManifest
> Task :core-audit:compileDebugLibraryResources
> Task :app:processDebugMainManifest
> Task :app:processDebugManifest
> Task :core-budget:compileDebugLibraryResources
> Task :core-audit:parseDebugLocalResources
> Task :core-budget:parseDebugLocalResources
> Task :core-classifier:compileDebugLibraryResources
> Task :core-debt:compileDebugLibraryResources
> Task :core-classifier:parseDebugLocalResources
> Task :app:processDebugManifestForPackage
> Task :core-debt:parseDebugLocalResources
> Task :core-ingestion:compileDebugLibraryResources
> Task :core-audit:generateDebugRFile
> Task :core-debt:generateDebugRFile
> Task :core-investment:compileDebugLibraryResources
> Task :core-budget:generateDebugRFile
> Task :core-classifier:generateDebugRFile
> Task :core-ingestion:parseDebugLocalResources
> Task :core-investment:parseDebugLocalResources
> Task :core-ledger:compileDebugLibraryResources
> Task :core-ingestion:generateDebugRFile
> Task :core-investment:generateDebugRFile
> Task :core-llm:compileDebugLibraryResources
> Task :core-ledger:parseDebugLocalResources
> Task :core-llm:parseDebugLocalResources
> Task :core-ledger:generateDebugRFile
> Task :core-obligations:compileDebugLibraryResources
> Task :core-llm:generateDebugRFile
> Task :core-obligations:parseDebugLocalResources
> Task :core-parsing:compileDebugLibraryResources
> Task :core-obligations:generateDebugRFile
> Task :core-transfer:compileDebugLibraryResources
> Task :core-parsing:parseDebugLocalResources
> Task :core-transfer:parseDebugLocalResources
> Task :core-ui:compileDebugLibraryResources
> Task :core-parsing:generateDebugRFile
> Task :core-transfer:generateDebugRFile
> Task :core-ui:parseDebugLocalResources
> Task :feature-budgets:compileDebugLibraryResources
> Task :feature-budgets:parseDebugLocalResources
> Task :core-ui:generateDebugRFile
> Task :feature-dashboard:compileDebugLibraryResources
> Task :feature-budgets:generateDebugRFile
> Task :feature-debt:compileDebugLibraryResources
> Task :feature-dashboard:parseDebugLocalResources
> Task :feature-debt:parseDebugLocalResources
> Task :feature-kanban:compileDebugLibraryResources
> Task :feature-dashboard:generateDebugRFile
> Task :feature-debt:generateDebugRFile
> Task :feature-kanban:parseDebugLocalResources
> Task :feature-settings:compileDebugLibraryResources
> Task :feature-kanban:generateDebugRFile
> Task :feature-settings:parseDebugLocalResources
> Task :feature-wallet:compileDebugLibraryResources
> Task :feature-wallet:parseDebugLocalResources
> Task :feature-settings:generateDebugRFile
> Task :feature-wallet:generateDebugRFile
> Task :core-audit:javaPreCompileDebug
> Task :core-ledger:javaPreCompileDebug
> Task :core-budget:javaPreCompileDebug
> Task :core-debt:javaPreCompileDebug
> Task :core-ingestion:javaPreCompileDebug
> Task :core-investment:javaPreCompileDebug
> Task :core-obligations:javaPreCompileDebug
> Task :core-parsing:javaPreCompileDebug
> Task :core-transfer:javaPreCompileDebug
> Task :core-classifier:javaPreCompileDebug
> Task :core-llm:compileDebugKotlinAndroid NO-SOURCE
> Task :core-llm:javaPreCompileDebug
> Task :core-ledger:generateCommonMainSciuroDatabaseInterface
> Task :app:processDebugResources
> Task :core-llm:compileDebugJavaWithJavac NO-SOURCE
> Task :core-ui:javaPreCompileDebug
> Task :feature-budgets:javaPreCompileDebug
> Task :feature-dashboard:javaPreCompileDebug
> Task :core-llm:bundleLibCompileToJarDebug
> Task :feature-debt:javaPreCompileDebug
> Task :feature-kanban:javaPreCompileDebug
> Task :feature-settings:javaPreCompileDebug
> Task :feature-wallet:javaPreCompileDebug
> Task :core-audit:compileDebugKotlinAndroid
> Task :core-audit:compileDebugJavaWithJavac NO-SOURCE
> Task :core-audit:bundleLibCompileToJarDebug
> Task :core-ui:compileDebugKotlin
> Task :core-ledger:compileDebugKotlinAndroid
> Task :core-ledger:compileDebugJavaWithJavac NO-SOURCE
> Task :core-ledger:bundleLibCompileToJarDebug

> Task :core-ui:compileDebugKotlin
w: file:///C:/Users/NAIM/AndroidStudioProjects/Sciuro/core-ui/src/main/java/com/najmi/sciuro/core/ui/components/AdjustmentCard.kt:19:5 Parameter 'formattedTime' is never used
w: file:///C:/Users/NAIM/AndroidStudioProjects/Sciuro/core-ui/src/main/java/com/najmi/sciuro/core/ui/components/AdjustmentCard.kt:20:5 Parameter 'onClick' is never used
w: file:///C:/Users/NAIM/AndroidStudioProjects/Sciuro/core-ui/src/main/java/com/najmi/sciuro/core/ui/components/SciuroMascot.kt:30:5 Parameter 'iterations' is never used

> Task :core-ui:compileDebugJavaWithJavac NO-SOURCE

> Task :core-debt:compileDebugKotlinAndroid
w: file:///C:/Users/NAIM/AndroidStudioProjects/Sciuro/core-debt/src/commonMain/kotlin/com/sciuro/core/debt/engine/DebtEngine.kt:34:47 Unnecessary safe call on a non-null receiver of type String
w: file:///C:/Users/NAIM/AndroidStudioProjects/Sciuro/core-debt/src/commonMain/kotlin/com/sciuro/core/debt/engine/DebtEngine.kt:36:15 Elvis operator (?:) always returns the left operand of non-nullable type DebtDirection
w: file:///C:/Users/NAIM/AndroidStudioProjects/Sciuro/core-debt/src/commonMain/kotlin/com/sciuro/core/debt/repository/DebtRepository.kt:30:37 Unnecessary safe call on a non-null receiver of type String
w: file:///C:/Users/NAIM/AndroidStudioProjects/Sciuro/core-debt/src/commonMain/kotlin/com/sciuro/core/debt/repository/DebtRepository.kt:30:134 Elvis operator (?:) always returns the left operand of non-nullable type DebtDirection
w: file:///C:/Users/NAIM/AndroidStudioProjects/Sciuro/core-debt/src/commonMain/kotlin/com/sciuro/core/debt/repository/DebtRepository.kt:32:31 Unnecessary safe call on a non-null receiver of type String
w: file:///C:/Users/NAIM/AndroidStudioProjects/Sciuro/core-debt/src/commonMain/kotlin/com/sciuro/core/debt/repository/DebtRepository.kt:32:119 Elvis operator (?:) always returns the left operand of non-nullable type DebtStatus

> Task :core-debt:compileDebugJavaWithJavac NO-SOURCE
> Task :core-debt:bundleLibCompileToJarDebug
> Task :core-ui:bundleLibCompileToJarDebug

> Task :core-budget:compileDebugKotlinAndroid
w: file:///C:/Users/NAIM/AndroidStudioProjects/Sciuro/core-budget/src/commonMain/kotlin/com/sciuro/core/budget/engine/BudgetEngine.kt:29:13 Variable 'monthEndMs' is never used
w: file:///C:/Users/NAIM/AndroidStudioProjects/Sciuro/core-budget/src/commonMain/kotlin/com/sciuro/core/budget/engine/BudgetEngine.kt:31:13 Variable 'thirtyDaysMs' is never used

> Task :core-ingestion:compileDebugKotlinAndroid
> Task :core-budget:compileDebugJavaWithJavac NO-SOURCE
> Task :core-ingestion:compileDebugJavaWithJavac NO-SOURCE
> Task :core-budget:bundleLibCompileToJarDebug
> Task :core-ingestion:bundleLibCompileToJarDebug
> Task :core-investment:compileDebugKotlinAndroid

> Task :core-obligations:compileDebugKotlinAndroid
w: file:///C:/Users/NAIM/AndroidStudioProjects/Sciuro/core-obligations/src/commonMain/kotlin/com/sciuro/core/obligations/engine/ObligationCycleMatcher.kt:13:135 Parameter 'timestamp' is never used

> Task :core-transfer:compileDebugKotlinAndroid
> Task :core-investment:compileDebugJavaWithJavac NO-SOURCE
> Task :core-investment:bundleLibCompileToJarDebug
> Task :core-obligations:compileDebugJavaWithJavac NO-SOURCE
> Task :core-transfer:compileDebugJavaWithJavac NO-SOURCE
> Task :core-obligations:bundleLibCompileToJarDebug
> Task :core-transfer:bundleLibCompileToJarDebug

> Task :feature-debt:compileDebugKotlinAndroid
w: file:///C:/Users/NAIM/AndroidStudioProjects/Sciuro/feature-debt/src/androidMain/kotlin/com/sciuro/feature/debt/ui/DebtOverviewScreen.kt:33:5 Parameter 'onNavigateBack' is never used
w: file:///C:/Users/NAIM/AndroidStudioProjects/Sciuro/feature-debt/src/androidMain/kotlin/com/sciuro/feature/debt/viewmodel/DebtViewModel.kt:58:9 Parameter 'notes' is never used

> Task :feature-debt:compileDebugJavaWithJavac NO-SOURCE
> Task :feature-debt:bundleLibCompileToJarDebug

> Task :core-parsing:compileDebugKotlinAndroid
w: file:///C:/Users/NAIM/AndroidStudioProjects/Sciuro/core-parsing/src/commonMain/kotlin/com/sciuro/core/parsing/engine/LlmFallbackParser.kt:167:27 Parameter 'reason' is never used

> Task :core-parsing:compileDebugJavaWithJavac NO-SOURCE
> Task :core-parsing:bundleLibCompileToJarDebug
> Task :feature-budgets:compileDebugKotlinAndroid
> Task :feature-budgets:compileDebugJavaWithJavac NO-SOURCE
> Task :feature-budgets:bundleLibCompileToJarDebug
> Task :feature-kanban:compileDebugKotlinAndroid
> Task :feature-kanban:compileDebugJavaWithJavac NO-SOURCE
> Task :core-classifier:compileDebugKotlinAndroid
> Task :core-classifier:compileDebugJavaWithJavac NO-SOURCE
> Task :core-classifier:bundleLibCompileToJarDebug
> Task :feature-kanban:bundleLibCompileToJarDebug

> Task :feature-settings:compileDebugKotlinAndroid
.\gradlew.bat : e: file:///C:/Users/NAIM/AndroidStudioProjects/Sciuro/feature-settings/src/androidMain/kotlin/com/sciur
o/feature/settings/ui/CategorySettingsScreen.kt:35:26 Type mismatch: inferred type is String but () -> Unit was 
expected
At line:1 char:1
+ .\gradlew.bat :app:compileDebugKotlin 2>&1 | Out-File -FilePath "C:\U ...
+ ~~~~~~~~~~~~~~~~~~~~~~~~~~~~~~~~~~~~~~~~~~
    + CategoryInfo          : NotSpecified: (e: file:///C:/U...it was expected:String) [], RemoteException
    + FullyQualifiedErrorId : NativeCommandError
 
e: file:///C:/Users/NAIM/AndroidStudioProjects/Sciuro/feature-settings/src/androidMain/kotlin/com/sciuro/feature/settin
gs/ui/DeveloperSettingsScreen.kt:43:26 Type mismatch: inferred type is String but () -> Unit was expected

> Task :feature-settings:compileDebugKotlinAndroid FAILED

> Task :feature-dashboard:compileDebugKotlinAndroid
w: file:///C:/Users/NAIM/AndroidStudioProjects/Sciuro/feature-dashboard/src/androidMain/kotlin/com/sciuro/feature/dashboard/ui/DashboardScreen.kt:104:9 Variable 'newCategoryId' is never used
w: file:///C:/Users/NAIM/AndroidStudioProjects/Sciuro/feature-dashboard/src/androidMain/kotlin/com/sciuro/feature/dashboard/ui/DashboardScreen.kt:511:13 Variable 'cat' is never used
w: file:///C:/Users/NAIM/AndroidStudioProjects/Sciuro/feature-dashboard/src/androidMain/kotlin/com/sciuro/feature/dashboard/ui/DashboardScreen.kt:742:37 'TrendingUp: ImageVector' is deprecated. Use the AutoMirrored version at Icons.AutoMirrored.Filled.TrendingUp
w: file:///C:/Users/NAIM/AndroidStudioProjects/Sciuro/feature-dashboard/src/androidMain/kotlin/com/sciuro/feature/dashboard/viewmodel/DashboardViewModel.kt:83:32 Unchecked cast: List<Any> to List<Account>
w: file:///C:/Users/NAIM/AndroidStudioProjects/Sciuro/feature-dashboard/src/androidMain/kotlin/com/sciuro/feature/dashboard/viewmodel/DashboardViewModel.kt:84:34 Unchecked cast: List<Any> to List<Transaction_record>
w: file:///C:/Users/NAIM/AndroidStudioProjects/Sciuro/feature-dashboard/src/androidMain/kotlin/com/sciuro/feature/dashboard/viewmodel/DashboardViewModel.kt:85:31 Unchecked cast: List<Any> to List<Budget>
w: file:///C:/Users/NAIM/AndroidStudioProjects/Sciuro/feature-dashboard/src/androidMain/kotlin/com/sciuro/feature/dashboard/viewmodel/DashboardViewModel.kt:86:39 Unchecked cast: List<Any> to List<Transaction_record>
w: file:///C:/Users/NAIM/AndroidStudioProjects/Sciuro/feature-dashboard/src/androidMain/kotlin/com/sciuro/feature/dashboard/viewmodel/DashboardViewModel.kt:87:35 Unchecked cast: List<Any> to List<Category>
w: file:///C:/Users/NAIM/AndroidStudioProjects/Sciuro/feature-dashboard/src/androidMain/kotlin/com/sciuro/feature/dashboard/viewmodel/DashboardViewModel.kt:88:34 Unchecked cast: List<Any> to List<Category>
w: file:///C:/Users/NAIM/AndroidStudioProjects/Sciuro/feature-dashboard/src/androidMain/kotlin/com/sciuro/feature/dashboard/viewmodel/DashboardViewModel.kt:89:38 Unchecked cast: List<Any> to List<Cash_adjustment>
w: file:///C:/Users/NAIM/AndroidStudioProjects/Sciuro/feature-dashboard/src/androidMain/kotlin/com/sciuro/feature/dashboard/viewmodel/DashboardViewModel.kt:92:35 Unchecked cast: List<Any> to List<Obligation>

> Task :feature-wallet:compileDebugKotlinAndroid
w: file:///C:/Users/NAIM/AndroidStudioProjects/Sciuro/feature-wallet/src/androidMain/kotlin/com/sciuro/feature/wallet/ui/WalletScreen.kt:68:5 Parameter 'settingsProvider' is never used

FAILURE: Build failed with an exception.

* What went wrong:
Execution failed for task ':feature-settings:compileDebugKotlinAndroid'.
> A failure occurred while executing 
org.jetbrains.kotlin.compilerRunner.GradleCompilerRunnerWithWorkers$GradleKotlinCompilerWorkAction
   > Compilation error. See log for more details

* Try:
> Run with --stacktrace option to get the stack trace.
> Run with --info or --debug option to get more log output.
> Run with --scan to get full insights.
> Get more help at https://help.gradle.org.

Deprecated Gradle features were used in this build, making it incompatible with Gradle 9.0.

You can use '--warning-mode all' to show the individual deprecation warnings and determine if they come from your own scripts or plugins.

For more on this, please refer to https://docs.gradle.org/8.6/userguide/command_line_interface.html#sec:command_line_warnings in the Gradle documentation.

BUILD FAILED in 3m 2s
226 actionable tasks: 226 executed
