> Task :core-audit:preBuild UP-TO-DATE
> Task :core-audit:preDebugBuild UP-TO-DATE
> Task :core-audit:generateDebugResValues UP-TO-DATE
> Task :core-audit:generateDebugResources UP-TO-DATE
> Task :core-audit:packageDebugResources UP-TO-DATE
> Task :core-audit:parseDebugLocalResources UP-TO-DATE
> Task :core-audit:generateDebugRFile UP-TO-DATE
> Task :core-audit:compileDebugKotlinAndroid UP-TO-DATE
> Task :core-audit:javaPreCompileDebug UP-TO-DATE
> Task :core-audit:compileDebugJavaWithJavac NO-SOURCE
> Task :core-audit:processDebugJavaRes UP-TO-DATE
> Task :core-audit:bundleLibCompileToJarDebug UP-TO-DATE
> Task :core-ingestion:preBuild UP-TO-DATE
> Task :core-ingestion:preDebugBuild UP-TO-DATE
> Task :core-ingestion:generateDebugResValues UP-TO-DATE
> Task :core-ingestion:generateDebugResources UP-TO-DATE
> Task :core-ingestion:packageDebugResources UP-TO-DATE
> Task :core-ingestion:parseDebugLocalResources UP-TO-DATE
> Task :core-audit:bundleLibRuntimeToJarDebug
> Task :core-ingestion:generateDebugRFile UP-TO-DATE
> Task :core-ledger:generateCommonMainSciuroDatabaseInterface UP-TO-DATE
> Task :core-ledger:preBuild UP-TO-DATE
> Task :core-ledger:preDebugBuild UP-TO-DATE
> Task :core-ledger:generateDebugResValues UP-TO-DATE
> Task :core-ledger:generateDebugResources UP-TO-DATE
> Task :core-ledger:packageDebugResources UP-TO-DATE
> Task :core-ledger:parseDebugLocalResources UP-TO-DATE
> Task :core-ledger:generateDebugRFile UP-TO-DATE
> Task :core-ledger:compileDebugKotlinAndroid UP-TO-DATE
> Task :core-ledger:javaPreCompileDebug UP-TO-DATE
> Task :core-ledger:compileDebugJavaWithJavac NO-SOURCE
> Task :core-ledger:bundleLibCompileToJarDebug UP-TO-DATE
> Task :core-ingestion:compileDebugKotlinAndroid UP-TO-DATE
> Task :core-ingestion:javaPreCompileDebug UP-TO-DATE
> Task :core-ingestion:compileDebugJavaWithJavac NO-SOURCE
> Task :core-ingestion:bundleLibCompileToJarDebug UP-TO-DATE
> Task :core-ingestion:preDebugUnitTestBuild UP-TO-DATE
> Task :core-ingestion:bundleLibRuntimeToJarDebug
> Task :core-ingestion:javaPreCompileDebugUnitTest
> Task :core-ingestion:processDebugJavaRes UP-TO-DATE
> Task :core-ledger:processDebugJavaRes UP-TO-DATE
> Task :core-parsing:preBuild UP-TO-DATE
> Task :core-parsing:preDebugBuild UP-TO-DATE
> Task :core-parsing:generateDebugResValues UP-TO-DATE
> Task :core-parsing:generateDebugResources UP-TO-DATE
> Task :core-parsing:packageDebugResources UP-TO-DATE
> Task :core-parsing:parseDebugLocalResources UP-TO-DATE
> Task :core-parsing:generateDebugRFile UP-TO-DATE
> Task :core-parsing:compileDebugKotlinAndroid UP-TO-DATE
> Task :core-parsing:javaPreCompileDebug UP-TO-DATE
> Task :core-parsing:compileDebugJavaWithJavac NO-SOURCE
> Task :core-parsing:bundleLibCompileToJarDebug UP-TO-DATE
> Task :core-parsing:preDebugUnitTestBuild UP-TO-DATE
> Task :core-parsing:javaPreCompileDebugUnitTest
> Task :core-parsing:bundleLibRuntimeToJarDebug
> Task :core-ingestion:generateDebugUnitTestStubRFile
> Task :core-parsing:generateDebugUnitTestStubRFile
> Task :core-ledger:bundleLibRuntimeToJarDebug
> Task :core-parsing:processDebugJavaRes
> Task :core-ingestion:compileDebugUnitTestKotlinAndroid
> Task :core-ingestion:compileDebugUnitTestJavaWithJavac NO-SOURCE
> Task :core-ingestion:processDebugUnitTestJavaRes
> Task :core-parsing:compileDebugUnitTestKotlinAndroid

> Task :core-ingestion:testDebugUnitTest

com.sciuro.core.ingestion.config.MutableIngestionAllowlistTest > effective allowlist contains all defaults when no additions or removals FAILED
    java.lang.NullPointerException at MutableIngestionAllowlistTest.kt:39

com.sciuro.core.ingestion.config.MutableIngestionAllowlistTest > addPackage deduplicates removals FAILED
    java.lang.NullPointerException at MutableIngestionAllowlistTest.kt:101

com.sciuro.core.ingestion.config.MutableIngestionAllowlistTest > addPackage adds to effective allowlist FAILED
    java.lang.NullPointerException at MutableIngestionAllowlistTest.kt:49

com.sciuro.core.ingestion.config.MutableIngestionAllowlistTest > removePackage removes from effective allowlist FAILED
    java.lang.NullPointerException at MutableIngestionAllowlistTest.kt:58

com.sciuro.core.ingestion.config.MutableIngestionAllowlistTest > removePackage deduplicates additions FAILED
    java.lang.NullPointerException at MutableIngestionAllowlistTest.kt:109

com.sciuro.core.ingestion.config.MutableIngestionAllowlistTest > isDefaultBankPackage returns true for known banks FAILED
    java.lang.NullPointerException at MutableIngestionAllowlistTest.kt:84

com.sciuro.core.ingestion.config.MutableIngestionAllowlistTest > isDefaultAggregatorPackage returns true for aggregators FAILED
    java.lang.NullPointerException at MutableIngestionAllowlistTest.kt:93

com.sciuro.core.ingestion.config.MutableIngestionAllowlistTest > remove then add restores default FAILED
    java.lang.NullPointerException at MutableIngestionAllowlistTest.kt:75

com.sciuro.core.ingestion.config.MutableIngestionAllowlistTest > addPackage then removePackage results in empty diff FAILED
    java.lang.NullPointerException at MutableIngestionAllowlistTest.kt:66
.\gradlew : 
At line:1 char:73
+ ... ts\Sciuro"; .\gradlew --console=plain :core-ingestion:testDebugUnitTe ...
+                 ~~~~~~~~~~~~~~~~~~~~~~~~~~~~~~~~~~~~~~~~~~~~~~~~~~~~~~~~~
    + CategoryInfo          : NotSpecified: (:String) [], RemoteException
    + FullyQualifiedErrorId : NativeCommandError
 
9 tests completed, 9 failed

> Task :core-ingestion:testDebugUnitTest FAILED

FAILURE: Build failed with an exception.

* What went wrong:
Execution failed for task ':core-ingestion:testDebugUnitTest'.
> There were failing tests. See the report at: 
file:///C:/Users/NAIM/AndroidStudioProjects/Sciuro/core-ingestion/build/reports/tests/testDebugUnitTest/index.html

* Try:
> Run with --scan to get full insights.

Deprecated Gradle features were used in this build, making it incompatible with Gradle 9.0.

You can use '--warning-mode all' to show the individual deprecation warnings and determine if they come from your own scripts or plugins.

For more on this, please refer to https://docs.gradle.org/8.6/userguide/command_line_interface.html#sec:command_line_warnings in the Gradle documentation.

BUILD FAILED in 11s
49 actionable tasks: 13 executed, 36 up-to-date
Starting a Gradle Daemon, 11 busy and 1 incompatible and 6 stopped Daemons could not be reused, use --status for details
> Task :core-audit:preBuild UP-TO-DATE
> Task :core-audit:preDebugBuild UP-TO-DATE
> Task :core-audit:generateDebugResValues UP-TO-DATE
> Task :core-audit:generateDebugResources UP-TO-DATE
> Task :core-audit:packageDebugResources UP-TO-DATE
> Task :core-audit:parseDebugLocalResources UP-TO-DATE
> Task :core-audit:generateDebugRFile UP-TO-DATE
> Task :core-audit:compileDebugKotlinAndroid UP-TO-DATE
> Task :core-audit:javaPreCompileDebug UP-TO-DATE
> Task :core-audit:compileDebugJavaWithJavac NO-SOURCE
> Task :core-audit:bundleLibRuntimeToJarDebug UP-TO-DATE
> Task :core-audit:processDebugJavaRes UP-TO-DATE
> Task :core-audit:bundleLibCompileToJarDebug UP-TO-DATE
> Task :core-ingestion:preBuild UP-TO-DATE
> Task :core-ingestion:preDebugBuild UP-TO-DATE
> Task :core-ingestion:generateDebugResValues UP-TO-DATE
> Task :core-ingestion:generateDebugResources UP-TO-DATE
> Task :core-ingestion:packageDebugResources UP-TO-DATE
> Task :core-ingestion:parseDebugLocalResources UP-TO-DATE
> Task :core-ingestion:generateDebugRFile UP-TO-DATE
> Task :core-ledger:generateCommonMainSciuroDatabaseInterface UP-TO-DATE
> Task :core-ledger:preBuild UP-TO-DATE
> Task :core-ledger:preDebugBuild UP-TO-DATE
> Task :core-ledger:generateDebugResValues UP-TO-DATE
> Task :core-ledger:generateDebugResources UP-TO-DATE
> Task :core-ledger:packageDebugResources UP-TO-DATE
> Task :core-ledger:parseDebugLocalResources UP-TO-DATE
> Task :core-ledger:generateDebugRFile UP-TO-DATE
> Task :core-ledger:compileDebugKotlinAndroid UP-TO-DATE
> Task :core-ledger:javaPreCompileDebug UP-TO-DATE
> Task :core-ledger:compileDebugJavaWithJavac NO-SOURCE
> Task :core-ledger:bundleLibCompileToJarDebug UP-TO-DATE
> Task :core-ingestion:javaPreCompileDebug UP-TO-DATE
> Task :core-ingestion:preDebugUnitTestBuild UP-TO-DATE
> Task :core-ingestion:generateDebugUnitTestStubRFile UP-TO-DATE
> Task :core-ingestion:javaPreCompileDebugUnitTest UP-TO-DATE
> Task :core-ledger:bundleLibRuntimeToJarDebug UP-TO-DATE
> Task :core-ledger:processDebugJavaRes UP-TO-DATE
> Task :core-ingestion:compileDebugKotlinAndroid
> Task :core-ingestion:compileDebugJavaWithJavac NO-SOURCE
> Task :core-ingestion:processDebugJavaRes UP-TO-DATE
> Task :core-ingestion:bundleLibRuntimeToJarDebug
> Task :core-ingestion:bundleLibCompileToJarDebug
> Task :core-ingestion:compileDebugUnitTestKotlinAndroid UP-TO-DATE
> Task :core-ingestion:compileDebugUnitTestJavaWithJavac NO-SOURCE
> Task :core-ingestion:processDebugUnitTestJavaRes UP-TO-DATE
> Task :core-ingestion:testDebugUnitTest

Deprecated Gradle features were used in this build, making it incompatible with Gradle 9.0.

You can use '--warning-mode all' to show the individual deprecation warnings and determine if they come from your own scripts or plugins.

For more on this, please refer to https://docs.gradle.org/8.6/userguide/command_line_interface.html#sec:command_line_warnings in the Gradle documentation.

BUILD SUCCESSFUL in 38s
36 actionable tasks: 4 executed, 32 up-to-date
